../Core/Src/main.c:70:6:map	24	static
../Core/Src/main.c:74:6:HAL_ADC_ConvCpltCallback	24	static
../Core/Src/main.c:86:5:main	8	static
../Core/Src/main.c:149:6:SystemClock_Config	88	static
../Core/Src/main.c:196:13:MX_ADC1_Init	24	static
../Core/Src/main.c:243:13:MX_TIM1_Init	80	static
../Core/Src/main.c:312:13:MX_TIM2_Init	48	static
../Core/Src/main.c:365:13:MX_TIM4_Init	32	static
../Core/Src/main.c:408:13:MX_DMA_Init	16	static
../Core/Src/main.c:426:13:MX_GPIO_Init	16	static
../Core/Src/main.c:453:6:Error_Handler	4	static,ignoring_inline_asm
